""" 
    Tests for the print_square function
"""

# Testing with valid inputs
>>> print_square(4)
####
####
####
####

>>> print_square(10)
##########
##########
##########
##########
##########
##########
##########
##########
##########
##########

>>> print_square(0)
>

>>> print_square(1)
#

# Testing with invalid inputs
>>> try:
...     print_square(-1)
... except Exception as e:
...     print(e)
size must be >= 0
